# python3 tools/quality_gate.py --profile static --changed-ref origin/dev (run 1, on d85c17f8c)
STATIC repository-invariants
FAIL: ownership guard: candidate spans ownership domains class/elementalist, class/knight; split the task or declare 'cross-domain: FAN-<id> <rationale>'
STATIC repository-storage-policy
STATIC python-unit
QUALITY FAILED: 1 static, 0 Godot; report=/tmp/multica-task-542703256/quality-empty-selection-s990ba4x/quality_gate_report.json
STATIC repository-storage-policy
STATIC python-unit
STATIC python-syntax
STATIC asset-audit
STATIC constellation-validator
STATIC runtime-manifest-validator
STATIC git-diff-check
STATIC git-index-check
STATIC git-head-check
STATIC git-range-check
STATIC repository-invariants
STATIC repository-storage-policy
STATIC python-unit
STATIC python-unit:tests/tools
STATIC python-syntax
STATIC asset-audit
STATIC constellation-validator
STATIC runtime-manifest-validator
STATIC git-diff-check
STATIC git-index-check
STATIC git-head-check
STATIC git-range-check
QUALITY PARTIAL_PASS: 1 static, 2 Godot; report=/tmp/multica-task-542703256/quality-import-report-7o4pum4h/report.json
QUALITY FAILED: 1 static, 0 Godot; report=/tmp/multica-task-542703256/quality-godot-only-sq204_lg/report.json
QUALITY NON-CERTIFYING: changed ref HEAD^ is not the configured integration ref origin/dev (resolves to 0dbbb4bc03201e911b2a3ea24b3144546c22c5c7)
QUALITY PARTIAL_PASS: 2 static, 1 Godot; report=/tmp/multica-task-542703256/quality-changed-ref-report-n0ra3sbn/report.json
STATIC repository-storage-policy
STATIC python-unit
STATIC python-unit:tests/tools
STATIC python-syntax
STATIC asset-audit
STATIC constellation-validator
STATIC runtime-manifest-validator
STATIC git-diff-check
STATIC git-index-check
STATIC git-head-check
STATIC git-range-check
STATIC shell-syntax
QUALITY FAILED: 1 static, 0 Godot; report=/tmp/multica-task-542703256/quality-empty-l4qq_f0b/report.json
QUALITY PASSED: 2 static, 18 Godot; report=/tmp/multica-task-542703256/quality-feature-list-mcljnj_g/report.json
QUALITY FAILED: 2 static, 18 Godot; report=/tmp/multica-task-542703256/quality-feature-list-tdu27eki/report.json
QUALITY NON-CERTIFYING: the ultimate feature-list checker was owed but skipped
QUALITY PARTIAL_PASS: 2 static, 1 Godot; report=/tmp/multica-task-542703256/quality-feature-list-by6ejl6h/report.json
QUALITY PASSED: 2 static, 1 Godot; report=/tmp/multica-task-542703256/quality-feature-list-8sj9j_gb/report.json
STATIC python-unit:tests/tools
STATIC python-syntax
STATIC asset-audit
STATIC constellation-validator
STATIC runtime-manifest-validator
STATIC git-diff-check
STATIC git-index-check
STATIC git-head-check
STATIC git-range-check
STATIC shell-syntax
QUALITY FAILED: 16 static, 0 Godot; report=../fan3966_static_report.json
static gate exit=1
