godot_gate: import cache missing, running headless import first
Godot Engine v4.7.stable.official.5b4e0cb0f - https://godotengine.org

[92m[ DONE ][39m [1mfirst_scan_filesystem[22m
[0m
[92m[ DONE ][39m [1mupdate_scripts_classes[22m
[0m
[92m[ DONE ][39m [1m_update_scan_actions[22m
[0m
[92m[ DONE ][39m [1mreimport[22m
[0m
[92m[ DONE ][39m [1mreimport[22m
[0m
[92m[ DONE ][39m [1mloading_editor_layout[22m
[0m
Godot Engine v4.7.stable.official.5b4e0cb0f - https://godotengine.org

Godot Engine v4.7.stable.official.5b4e0cb0f - https://godotengine.org
OpenGL API 4.1 Metal - 90.5 - Compatibility - Using Device: Apple - Apple M4 Pro

FAN-3943 Guitarist certification capture saved: res://docs/design/reference-assets-lfs/ultimate-certification/guitarist/guitarist_certification_648p.png
FAN-3943 Guitarist certification capture saved: res://docs/design/reference-assets-lfs/ultimate-certification/guitarist/guitarist_certification_720p.png
FAN-3943 Guitarist certification capture saved: res://docs/design/reference-assets-lfs/ultimate-certification/guitarist/guitarist_certification_1080p.png
guitarist live capture exit=241
