Godot Engine v4.7.stable.official.5b4e0cb0f - https://godotengine.org
OpenGL API 4.1 Metal - 90.5 - Compatibility - Using Device: Apple - Apple M4 Pro

driver new031_druid_topup_rerun: renderer=gl_compatibility vsync=1 window=(2560, 1440)
phase p1_main_menu: 20 s, avg 120 FPS, 1% low 119, worst second 119, >50 ms 0, >100 ms 0, longest 17.1 ms, peak texture 172 MiB, objects peak 2233 min 2231 (first s 2233, last s 2233), resident packs 0 -> 0, alive first s 0 last s 0
phase route_map_first_show: 8 s, avg 119 FPS, 1% low 115, worst second 115, >50 ms 0, >100 ms 0, longest 18.3 ms, peak texture 1396 MiB, objects peak 2756 min 2603 (first s 2745, last s 2745), resident packs 0 -> 28, alive first s 0 last s 0
phase p2_48_enemies: 60 s, avg 115 FPS, 1% low 102, worst second 102, >50 ms 2, >100 ms 0, longest 86.4 ms, peak texture 1488 MiB, objects peak 3624 min 2624 (first s 3112, last s 3278), resident packs 28 -> 28, alive first s 42 last s 45
phase route_map_after_p2: 3 s, avg 130 FPS, 1% low 120, worst second 120, >50 ms 1, >100 ms 1, longest 110.6 ms, peak texture 1439 MiB, objects peak 2648 min 2537 (first s 2541, last s 2623), resident packs 28 -> 28, alive first s 0 last s 0
phase elite_night_stalker: 20 s, avg 132 FPS, 1% low 112, worst second 112, >50 ms 0, >100 ms 0, longest 45.4 ms, peak texture 1032 MiB, objects peak 3660 min 2777 (first s 3207, last s 3334), resident packs 19 -> 19, alive first s 43 last s 42
phase route_map_after_elite: 3 s, avg 144 FPS, 1% low 143, worst second 143, >50 ms 0, >100 ms 0, longest 31.8 ms, peak texture 957 MiB, objects peak 2606 min 2509 (first s 2513, last s 2584), resident packs 19 -> 19, alive first s 0 last s 0
phase p3_boss_act1_rift_warden: 60 s, avg 122 FPS, 1% low 95, worst second 95, >50 ms 7, >100 ms 0, longest 82.3 ms, peak texture 1001 MiB, objects peak 4293 min 2799 (first s 3202, last s 4239), resident packs 19 -> 19, alive first s 45 last s 38
phase route_map_after_boss1: 3 s, avg 120 FPS, 1% low 119, worst second 119, >50 ms 0, >100 ms 0, longest 12.2 ms, peak texture 946 MiB, objects peak 3015 min 2594 (first s 2598, last s 2594), resident packs 19 -> 19, alive first s 0 last s 0
phase boss_act2_disk_devourer: 20 s, avg 94 FPS, 1% low 83, worst second 83, >50 ms 8, >100 ms 0, longest 58.3 ms, peak texture 1049 MiB, objects peak 3787 min 2815 (first s 3198, last s 3251), resident packs 19 -> 19, alive first s 49 last s 43

| build | phase | s | avg FPS | 1% low | worst second | frames >50 ms | frames >100 ms | longest frame ms | peak texture MiB | objects peak | objects min | objects first s | objects last s | resident packs start -> end |
|---|---|---|---|---|---|---|---|---|---|---|---|---|---|---|
| new031_druid_topup_rerun | p1_main_menu | 20 | 120 | 119 | 119 | 0 | 0 | 17.1 | 172 | 2233 | 2231 | 2233 | 2233 | 0 -> 0 |
| new031_druid_topup_rerun | route_map_first_show | 8 | 119 | 115 | 115 | 0 | 0 | 18.3 | 1396 | 2756 | 2603 | 2745 | 2745 | 0 -> 28 |
| new031_druid_topup_rerun | p2_48_enemies | 60 | 115 | 102 | 102 | 2 | 0 | 86.4 | 1488 | 3624 | 2624 | 3112 | 3278 | 28 -> 28 |
| new031_druid_topup_rerun | route_map_after_p2 | 3 | 130 | 120 | 120 | 1 | 1 | 110.6 | 1439 | 2648 | 2537 | 2541 | 2623 | 28 -> 28 |
| new031_druid_topup_rerun | elite_night_stalker | 20 | 132 | 112 | 112 | 0 | 0 | 45.4 | 1032 | 3660 | 2777 | 3207 | 3334 | 19 -> 19 |
| new031_druid_topup_rerun | route_map_after_elite | 3 | 144 | 143 | 143 | 0 | 0 | 31.8 | 957 | 2606 | 2509 | 2513 | 2584 | 19 -> 19 |
| new031_druid_topup_rerun | p3_boss_act1_rift_warden | 60 | 122 | 95 | 95 | 7 | 0 | 82.3 | 1001 | 4293 | 2799 | 3202 | 4239 | 19 -> 19 |
| new031_druid_topup_rerun | route_map_after_boss1 | 3 | 120 | 119 | 119 | 0 | 0 | 12.2 | 946 | 3015 | 2594 | 2598 | 2594 | 19 -> 19 |
| new031_druid_topup_rerun | boss_act2_disk_devourer | 20 | 94 | 83 | 83 | 8 | 0 | 58.3 | 1049 | 3787 | 2815 | 3198 | 3251 | 19 -> 19 |
new031_druid_topup_rerun: menu texture 28 MiB -> after run 310 MiB; act-1 peak 1488 MiB; objects menu 1595 -> after run 2497 (resident packs 0); act-1 peak objects 4293; P2 click frame 161.0 ms, roster wait 0 ms; elite roster wait 203 ms
