Godot Engine v4.7.stable.official.5b4e0cb0f - https://godotengine.org

SCRIPT ERROR: Invalid access to property or key 'visible' on a base object of type 'previously freed'.
          at: CombatFeedbackTimeline._acquire_tick (res://scripts/combat_feedback_timeline.gd:142)
          GDScript backtrace (most recent call first):
              [0] _acquire_tick (res://scripts/combat_feedback_timeline.gd:142)
              [1] spawn_tick (res://scripts/combat_feedback_timeline.gd:87)
              [2] _show_hit_flash (res://scripts/enemy.gd:717)
              [3] _show_combat_feedback (res://scripts/enemy.gd:652)
              [4] take_damage (res://scripts/enemy.gd:602)
              [5] take_damage (res://scripts/boss.gd:142)
              [6] _apply_player_damage (res://scripts/player.gd:2841)
              [7] _test_production_contracts (res://tests/take_damage_contract_routing_test.gd:134)
              [8] _initialize (res://tests/take_damage_contract_routing_test.gd:58)
SCRIPT ERROR: Invalid access to property or key 'visible' on a base object of type 'previously freed'.
          at: CombatFeedbackTimeline._acquire_number (res://scripts/combat_feedback_timeline.gd:131)
          GDScript backtrace (most recent call first):
              [0] _acquire_number (res://scripts/combat_feedback_timeline.gd:131)
              [1] spawn_number (res://scripts/combat_feedback_timeline.gd:64)
              [2] _show_combat_feedback (res://scripts/enemy.gd:679)
              [3] take_damage (res://scripts/enemy.gd:602)
              [4] take_damage (res://scripts/boss.gd:142)
              [5] _apply_player_damage (res://scripts/player.gd:2841)
              [6] _test_production_contracts (res://tests/take_damage_contract_routing_test.gd:134)
              [7] _initialize (res://tests/take_damage_contract_routing_test.gd:58)
ERROR: CharacterBody2D combat feedback did not consume damage_type=magic.
   at: push_error (core/variant/variant_utility.cpp:1023)
   GDScript backtrace (most recent call first):
       [0] _initialize (res://tests/take_damage_contract_routing_test.gd:64)
ERROR: CharacterBody2D did not route feedback through _show_combat_feedback.
   at: push_error (core/variant/variant_utility.cpp:1023)
   GDScript backtrace (most recent call first):
       [0] _initialize (res://tests/take_damage_contract_routing_test.gd:64)
godot_gate: fatal Godot diagnostic detected: SCRIPT ERROR
