Godot Engine v4.7.stable.official.5b4e0cb0f - https://godotengine.org

SCRIPT ERROR: Invalid access to property or key 'visible' on a base object of type 'previously freed'.
          at: CombatFeedbackTimeline._acquire_number (res://scripts/combat_feedback_timeline.gd:131)
          GDScript backtrace (most recent call first):
              [0] _acquire_number (res://scripts/combat_feedback_timeline.gd:131)
              [1] spawn_number (res://scripts/combat_feedback_timeline.gd:64)
              [2] _run (res://tests/p3_feedback_allocation_test.gd:586)
SCRIPT ERROR: Invalid access to property or key 'visible' on a base object of type 'previously freed'.
          at: CombatFeedbackTimeline._acquire_tick (res://scripts/combat_feedback_timeline.gd:142)
          GDScript backtrace (most recent call first):
              [0] _acquire_tick (res://scripts/combat_feedback_timeline.gd:142)
              [1] spawn_tick (res://scripts/combat_feedback_timeline.gd:87)
              [2] _run (res://tests/p3_feedback_allocation_test.gd:587)
SCRIPT ERROR: Invalid access to property or key 'visible' on a base object of type 'previously freed'.
          at: CombatFeedbackTimeline._acquire_number (res://scripts/combat_feedback_timeline.gd:131)
          GDScript backtrace (most recent call first):
              [0] _acquire_number (res://scripts/combat_feedback_timeline.gd:131)
              [1] spawn_number (res://scripts/combat_feedback_timeline.gd:64)
              [2] _run (res://tests/p3_feedback_allocation_test.gd:603)
P3_FEEDBACK_ALLOCATION_TEST FAIL: lifetime case: post-free spawn returned no valid number
P3_FEEDBACK_ALLOCATION_TEST FAIL: lifetime case: post-free spawn returned no valid tick
P3_FEEDBACK_ALLOCATION_TEST FAIL: lifetime case: overlapping numbers not both live (0)
godot_gate: fatal Godot diagnostic detected: SCRIPT ERROR
