druid_wolf: 26 frames (20 unique) -> 1 page(s), 5 -> 4 MiB RGBA
druid_ghost_bear: 153 frames (96 unique) -> 1 page(s), 26 -> 13 MiB RGBA
druid_ghost_lion: 153 frames (88 unique) -> 1 page(s), 26 -> 11 MiB RGBA
druid_ghost_panther: 153 frames (88 unique) -> 1 page(s), 26 -> 9 MiB RGBA
druid_ghost_stag: 153 frames (88 unique) -> 1 page(s), 26 -> 15 MiB RGBA
druid_ghost_wolf: 153 frames (88 unique) -> 1 page(s), 26 -> 12 MiB RGBA
pack_spirit: 26 frames (17 unique) -> 1 page(s), 5 -> 3 MiB RGBA
homunculus: 26 frames (17 unique) -> 1 page(s), 5 -> 3 MiB RGBA
homunculus_tank: 206 frames (206 unique) -> 2 page(s), 206 -> 24 MiB RGBA
leadership_echo: 26 frames (13 unique) -> 1 page(s), 5 -> 2 MiB RGBA
ashen_colossus: 448 frames (284 unique) -> 3 page(s), 304 -> 42 MiB RGBA
bloodthorn_lion: 448 frames (300 unique) -> 5 page(s), 304 -> 64 MiB RGBA
bone_archon: 448 frames (275 unique) -> 3 page(s), 304 -> 46 MiB RGBA
brood_mother: 448 frames (295 unique) -> 4 page(s), 304 -> 57 MiB RGBA
disk_devourer: 328 frames (296 unique) -> 5 page(s), 328 -> 67 MiB RGBA
rift_warden: 448 frames (282 unique) -> 3 page(s), 304 -> 46 MiB RGBA
iron_bastion: 344 frames (326 unique) -> 5 page(s), 344 -> 65 MiB RGBA
mini_bone_warden: 488 frames (296 unique) -> 4 page(s), 296 -> 49 MiB RGBA
mini_plague_bellringer: 488 frames (296 unique) -> 3 page(s), 296 -> 42 MiB RGBA
mini_plague_berserker: 424 frames (232 unique) -> 2 page(s), 264 -> 25 MiB RGBA
mini_rot_hound: 264 frames (245 unique) -> 4 page(s), 264 -> 57 MiB RGBA
mini_scavenger_reaper: 488 frames (295 unique) -> 3 page(s), 296 -> 46 MiB RGBA
mini_shadow_devourer: 488 frames (296 unique) -> 4 page(s), 296 -> 52 MiB RGBA
mini_siege_rammer: 488 frames (296 unique) -> 4 page(s), 296 -> 54 MiB RGBA
mini_spark_wight: 488 frames (296 unique) -> 3 page(s), 296 -> 40 MiB RGBA
mini_swarm_sniper: 488 frames (296 unique) -> 3 page(s), 296 -> 45 MiB RGBA
mini_void_phantom: 488 frames (295 unique) -> 3 page(s), 296 -> 45 MiB RGBA
night_stalker: 368 frames (352 unique) -> 6 page(s), 368 -> 82 MiB RGBA
plague_prophet: 248 frames (231 unique) -> 2 page(s), 248 -> 29 MiB RGBA
shard_marshal: 504 frames (304 unique) -> 3 page(s), 336 -> 44 MiB RGBA
ash_marksman: 184 frames (184 unique) -> 2 page(s), 184 -> 30 MiB RGBA
bone_caller: 184 frames (184 unique) -> 2 page(s), 184 -> 30 MiB RGBA
bone_shaman: 184 frames (183 unique) -> 3 page(s), 184 -> 33 MiB RGBA
rift_cutter: 306 frames (224 unique) -> 2 page(s), 224 -> 26 MiB RGBA
rift_shieldbearer: 184 frames (184 unique) -> 2 page(s), 184 -> 24 MiB RGBA
small_biter: 184 frames (184 unique) -> 3 page(s), 184 -> 43 MiB RGBA
spark_runner: 208 frames (193 unique) -> 2 page(s), 208 -> 29 MiB RGBA
stone_bruiser: 216 frames (216 unique) -> 2 page(s), 216 -> 24 MiB RGBA
venom_spitter: 184 frames (184 unique) -> 4 page(s), 184 -> 60 MiB RGBA
void_mage: 184 frames (184 unique) -> 3 page(s), 184 -> 35 MiB RGBA
winged_spark: 224 frames (224 unique) -> 4 page(s), 224 -> 50 MiB RGBA
secret_ascension_boss: 912 frames (427 unique) -> 14 page(s), 432 -> 215 MiB RGBA
