Godot Engine v4.7.stable.official.5b4e0cb0f - https://godotengine.org
OpenGL API 4.1 Metal - 90.5 - Compatibility - Using Device: Apple - Apple M4 Pro

driver candidate: renderer=gl_compatibility vsync=1 window=(2560, 1440)
phase p1_main_menu: 20 s, avg 119 FPS, 1% low 114, worst second 114, >50 ms 0, >100 ms 0, longest 17.0 ms, peak texture 172 MiB, objects peak 2234 min 2230 (first s 2232, last s 2233), resident packs 0 -> 0
phase route_map_first_show: 8 s, avg 118 FPS, 1% low 114, worst second 114, >50 ms 0, >100 ms 0, longest 24.9 ms, peak texture 1315 MiB, objects peak 2732 min 2603 (first s 2725, last s 2725), resident packs 0 -> 23
phase p2_48_enemies: 60 s, avg 119 FPS, 1% low 115, worst second 115, >50 ms 0, >100 ms 0, longest 25.9 ms, peak texture 1407 MiB, objects peak 4065 min 2576 (first s 3114, last s 3764), resident packs 23 -> 23
phase route_map_after_p2: 3 s, avg 115 FPS, 1% low 110, worst second 110, >50 ms 1, >100 ms 0, longest 96.1 ms, peak texture 1358 MiB, objects peak 2755 min 2500 (first s 2504, last s 2586), resident packs 23 -> 23
phase elite_night_stalker: 20 s, avg 118 FPS, 1% low 116, worst second 116, >50 ms 0, >100 ms 0, longest 23.7 ms, peak texture 951 MiB, objects peak 3894 min 2739 (first s 3164, last s 3683), resident packs 14 -> 14
phase route_map_after_elite: 3 s, avg 119 FPS, 1% low 118, worst second 118, >50 ms 0, >100 ms 0, longest 26.0 ms, peak texture 875 MiB, objects peak 2849 min 2475 (first s 2479, last s 2550), resident packs 14 -> 14
phase p3_boss_act1_rift_warden: 60 s, avg 117 FPS, 1% low 114, worst second 114, >50 ms 0, >100 ms 0, longest 25.6 ms, peak texture 920 MiB, objects peak 4866 min 2763 (first s 3165, last s 4618), resident packs 14 -> 14
phase route_map_after_boss1: 3 s, avg 119 FPS, 1% low 118, worst second 118, >50 ms 0, >100 ms 0, longest 18.3 ms, peak texture 865 MiB, objects peak 3042 min 2567 (first s 2571, last s 2567), resident packs 14 -> 14
phase boss_act2_disk_devourer: 20 s, avg 117 FPS, 1% low 113, worst second 113, >50 ms 0, >100 ms 0, longest 26.4 ms, peak texture 968 MiB, objects peak 3989 min 2785 (first s 3220, last s 3452), resident packs 14 -> 14

| build | phase | s | avg FPS | 1% low | worst second | frames >50 ms | frames >100 ms | longest frame ms | peak texture MiB | objects peak | objects min | objects first s | objects last s | resident packs start -> end |
|---|---|---|---|---|---|---|---|---|---|---|---|---|---|---|
| candidate | p1_main_menu | 20 | 119 | 114 | 114 | 0 | 0 | 17.0 | 172 | 2234 | 2230 | 2232 | 2233 | 0 -> 0 |
| candidate | route_map_first_show | 8 | 118 | 114 | 114 | 0 | 0 | 24.9 | 1315 | 2732 | 2603 | 2725 | 2725 | 0 -> 23 |
| candidate | p2_48_enemies | 60 | 119 | 115 | 115 | 0 | 0 | 25.9 | 1407 | 4065 | 2576 | 3114 | 3764 | 23 -> 23 |
| candidate | route_map_after_p2 | 3 | 115 | 110 | 110 | 1 | 0 | 96.1 | 1358 | 2755 | 2500 | 2504 | 2586 | 23 -> 23 |
| candidate | elite_night_stalker | 20 | 118 | 116 | 116 | 0 | 0 | 23.7 | 951 | 3894 | 2739 | 3164 | 3683 | 14 -> 14 |
| candidate | route_map_after_elite | 3 | 119 | 118 | 118 | 0 | 0 | 26.0 | 875 | 2849 | 2475 | 2479 | 2550 | 14 -> 14 |
| candidate | p3_boss_act1_rift_warden | 60 | 117 | 114 | 114 | 0 | 0 | 25.6 | 920 | 4866 | 2763 | 3165 | 4618 | 14 -> 14 |
| candidate | route_map_after_boss1 | 3 | 119 | 118 | 118 | 0 | 0 | 18.3 | 865 | 3042 | 2567 | 2571 | 2567 | 14 -> 14 |
| candidate | boss_act2_disk_devourer | 20 | 117 | 113 | 113 | 0 | 0 | 26.4 | 968 | 3989 | 2785 | 3220 | 3452 | 14 -> 14 |
candidate: menu texture 28 MiB -> after run 310 MiB; act-1 peak 1407 MiB; objects menu 1593 -> after run 2500 (resident packs 0); act-1 peak objects 4866; P2 click frame 147.3 ms, roster wait 0 ms; elite roster wait 157 ms
