Godot Engine v4.7.stable.official.5b4e0cb0f - https://godotengine.org
OpenGL API 4.1 Metal - 90.5 - Compatibility - Using Device: Apple - Apple M4 Pro

FAN-3968 cast pose assassin_shadow/648 center=0.898 corner=0.000
FAN-3968 cast pose assassin_shadow/648 center=0.898 corner=0.000
FAN-3968 cast pose assassin_venom/648 center=0.898 corner=0.000
FAN-3968 cast pose doctor_restore/648 center=0.898 corner=0.000
FAN-3968 cast pose doctor_plague/648 center=0.898 corner=0.000
FAN-3968 cast pose doctor_saw/648 center=0.898 corner=0.000
FAN-3968 cast pose assassin_shadow/720 center=0.898 corner=0.000
FAN-3968 cast pose assassin_venom/720 center=0.898 corner=0.000
FAN-3968 cast pose doctor_restore/720 center=0.898 corner=0.000
FAN-3968 cast pose doctor_plague/720 center=0.898 corner=0.000
FAN-3968 cast pose doctor_saw/720 center=0.898 corner=0.000
FAN-3968 cast pose assassin_shadow/1080 center=0.898 corner=0.000
FAN-3968 cast pose assassin_venom/1080 center=0.898 corner=0.000
FAN-3968 cast pose doctor_restore/1080 center=0.898 corner=0.000
FAN-3968 cast pose doctor_plague/1080 center=0.898 corner=0.000
FAN-3968 cast pose doctor_saw/1080 center=0.898 corner=0.000
FAN-3968 cast pose assassin_shadow/1440 center=0.898 corner=0.000
FAN-3968 cast pose assassin_venom/1440 center=0.898 corner=0.000
FAN-3968 cast pose doctor_restore/1440 center=0.898 corner=0.000
FAN-3968 cast pose doctor_plague/1440 center=0.898 corner=0.000
FAN-3968 cast pose doctor_saw/1440 center=0.898 corner=0.000
