Godot Engine v4.7.stable.official.5b4e0cb0f - https://godotengine.org

Godot Engine v4.7.stable.official.5b4e0cb0f - https://godotengine.org

ultimate_session_lifecycle_probe: dark_mage/dark_book pass=true scene=res://scenes/vfx/ultimates/dark_mage/DarkMageBookAbyssMirror.tscn cast_frames=364 failures=[]
ultimate_session_lifecycle_probe: dark_mage/cursed_skull pass=true scene=res://scenes/vfx/ultimates/dark_mage/DarkMageSkullCursedCrown.tscn cast_frames=351 failures=[]
ultimate_session_lifecycle_probe: dark_mage/dark_wand pass=true scene=res://scenes/vfx/ultimates/dark_mage/DarkMageWandVanishingThread.tscn cast_frames=356 failures=[]
ERROR: Parent node is busy adding/removing children, `remove_child()` can't be called at this time. Consider using `remove_child.call_deferred(child)` instead.
   at: remove_child (scene/main/node.cpp:1750)
   GDScript backtrace (most recent call first):
       [0] _clear_impacts (res://scenes/vfx/ultimates/doctor/doctor_ultimate_timeline_scene.gd:876)
       [1] finish (res://scenes/vfx/ultimates/doctor/doctor_ultimate_timeline_scene.gd:203)
       [2] finish (res://scripts/ultimates/presentation/weapon_ultimate_presentation_runtime.gd:117)
       [3] ultimate_host_finish_presentation (res://scripts/ultimates/controller/ultimate_player_host.gd:280)
       [4] _shutdown (res://scripts/ultimates/controller/ultimate_controller.gd:161)
       [5] cancel (res://scripts/ultimates/controller/ultimate_controller.gd:134)
       [6] _exit_tree (res://scripts/ultimates/controller/ultimate_player_host.gd:125)
       [7] _retire_owned_player_node (res://scripts/main.gd:1715)
       [8] _clear_world (res://scripts/main.gd:1619)
       [9] _end_combat (res://scripts/combat_director.gd:414)
       [10] _play_pair (res://tools/ultimate_session_lifecycle_probe.gd:241)
ERROR: Condition "data.parent" is true.
   at: ~Node (scene/main/node.cpp:4140)
   GDScript backtrace (most recent call first):
       [0] _clear_impacts (res://scenes/vfx/ultimates/doctor/doctor_ultimate_timeline_scene.gd:876)
       [1] finish (res://scenes/vfx/ultimates/doctor/doctor_ultimate_timeline_scene.gd:203)
       [2] finish (res://scripts/ultimates/presentation/weapon_ultimate_presentation_runtime.gd:117)
       [3] ultimate_host_finish_presentation (res://scripts/ultimates/controller/ultimate_player_host.gd:280)
       [4] _shutdown (res://scripts/ultimates/controller/ultimate_controller.gd:161)
       [5] cancel (res://scripts/ultimates/controller/ultimate_controller.gd:134)
       [6] _exit_tree (res://scripts/ultimates/controller/ultimate_player_host.gd:125)
       [7] _retire_owned_player_node (res://scripts/main.gd:1715)
       [8] _clear_world (res://scripts/main.gd:1619)
       [9] _end_combat (res://scripts/combat_director.gd:414)
       [10] _play_pair (res://tools/ultimate_session_lifecycle_probe.gd:241)
ERROR: Parameter "canvas_item" is null.
   at: canvas_item_set_draw_index (servers/rendering/renderer_canvas_cull.cpp:1960)
ERROR: Parameter "canvas_item" is null.
   at: canvas_item_set_draw_index (servers/rendering/renderer_canvas_cull.cpp:1960)
ERROR: Parameter "canvas_item" is null.
   at: canvas_item_set_draw_index (servers/rendering/renderer_canvas_cull.cpp:1960)
ultimate_session_lifecycle_probe: doctor/restore_potion pass=true scene=res://scenes/vfx/ultimates/doctor/DoctorRestorePotionElixir.tscn cast_frames=360 failures=[]
ERROR: Parameter "canvas_item" is null.
   at: canvas_item_set_draw_index (servers/rendering/renderer_canvas_cull.cpp:1960)
ERROR: Parameter "canvas_item" is null.
   at: canvas_item_set_draw_index (servers/rendering/renderer_canvas_cull.cpp:1960)
ERROR: Parameter "canvas_item" is null.
   at: canvas_item_set_draw_index (servers/rendering/renderer_canvas_cull.cpp:1960)
ERROR: Parameter "canvas_item" is null.
   at: canvas_item_set_draw_index (servers/rendering/renderer_canvas_cull.cpp:1960)
ERROR: Parameter "canvas_item" is null.
   at: canvas_item_set_draw_index (servers/rendering/renderer_canvas_cull.cpp:1960)
ERROR: Parameter "canvas_item" is null.
   at: canvas_item_set_draw_index (servers/rendering/renderer_canvas_cull.cpp:1960)
ERROR: Parameter "canvas_item" is null.
   at: canvas_item_set_draw_index (servers/rendering/renderer_canvas_cull.cpp:1960)
ERROR: Parameter "canvas_item" is null.
   at: canvas_item_set_draw_index (servers/rendering/renderer_canvas_cull.cpp:1960)
ERROR: Parameter "canvas_item" is null.
   at: canvas_item_set_draw_index (servers/rendering/renderer_canvas_cull.cpp:1960)
ERROR: Parameter "canvas_item" is null.
   at: canvas_item_set_draw_index (servers/rendering/renderer_canvas_cull.cpp:1960)
ERROR: Parameter "canvas_item" is null.
   at: canvas_item_set_draw_index (servers/rendering/renderer_canvas_cull.cpp:1960)
ERROR: Parameter "canvas_item" is null.
   at: canvas_item_set_draw_index (servers/rendering/renderer_canvas_cull.cpp:1960)
ERROR: Parameter "canvas_item" is null.
   at: canvas_item_set_draw_index (servers/rendering/renderer_canvas_cull.cpp:1960)
ERROR: Parameter "canvas_item" is null.
   at: canvas_item_set_draw_index (servers/rendering/renderer_canvas_cull.cpp:1960)
ERROR: Parameter "canvas_item" is null.
   at: canvas_item_set_draw_index (servers/rendering/renderer_canvas_cull.cpp:1960)
ERROR: Parameter "canvas_item" is null.
   at: canvas_item_set_draw_index (servers/rendering/renderer_canvas_cull.cpp:1960)
ERROR: Parameter "canvas_item" is null.
   at: canvas_item_set_draw_index (servers/rendering/renderer_canvas_cull.cpp:1960)
ERROR: Parameter "canvas_item" is null.
   at: canvas_item_set_draw_index (servers/rendering/renderer_canvas_cull.cpp:1960)
ERROR: Parent node is busy adding/removing children, `remove_child()` can't be called at this time. Consider using `remove_child.call_deferred(child)` instead.
   at: remove_child (scene/main/node.cpp:1750)
   GDScript backtrace (most recent call first):
       [0] _clear_impacts (res://scenes/vfx/ultimates/doctor/doctor_ultimate_timeline_scene.gd:876)
       [1] finish (res://scenes/vfx/ultimates/doctor/doctor_ultimate_timeline_scene.gd:203)
       [2] finish (res://scripts/ultimates/presentation/weapon_ultimate_presentation_runtime.gd:117)
       [3] ultimate_host_finish_presentation (res://scripts/ultimates/controller/ultimate_player_host.gd:280)
       [4] _shutdown (res://scripts/ultimates/controller/ultimate_controller.gd:161)
       [5] cancel (res://scripts/ultimates/controller/ultimate_controller.gd:134)
       [6] _exit_tree (res://scripts/ultimates/controller/ultimate_player_host.gd:125)
       [7] _retire_owned_player_node (res://scripts/main.gd:1715)
       [8] _clear_world (res://scripts/main.gd:1619)
       [9] _end_combat (res://scripts/combat_director.gd:414)
       [10] _play_pair (res://tools/ultimate_session_lifecycle_probe.gd:241)
ERROR: Condition "data.parent" is true.
   at: ~Node (scene/main/node.cpp:4140)
   GDScript backtrace (most recent call first):
       [0] _clear_impacts (res://scenes/vfx/ultimates/doctor/doctor_ultimate_timeline_scene.gd:876)
       [1] finish (res://scenes/vfx/ultimates/doctor/doctor_ultimate_timeline_scene.gd:203)
       [2] finish (res://scripts/ultimates/presentation/weapon_ultimate_presentation_runtime.gd:117)
       [3] ultimate_host_finish_presentation (res://scripts/ultimates/controller/ultimate_player_host.gd:280)
       [4] _shutdown (res://scripts/ultimates/controller/ultimate_controller.gd:161)
       [5] cancel (res://scripts/ultimates/controller/ultimate_controller.gd:134)
       [6] _exit_tree (res://scripts/ultimates/controller/ultimate_player_host.gd:125)
       [7] _retire_owned_player_node (res://scripts/main.gd:1715)
       [8] _clear_world (res://scripts/main.gd:1619)
       [9] _end_combat (res://scripts/combat_director.gd:414)
       [10] _play_pair (res://tools/ultimate_session_lifecycle_probe.gd:241)
ERROR: Parameter "canvas_item" is null.
   at: canvas_item_set_draw_index (servers/rendering/renderer_canvas_cull.cpp:1960)
ERROR: Parameter "canvas_item" is null.
   at: canvas_item_set_draw_index (servers/rendering/renderer_canvas_cull.cpp:1960)
ERROR: Parameter "canvas_item" is null.
   at: canvas_item_set_draw_index (servers/rendering/renderer_canvas_cull.cpp:1960)
ERROR: Parameter "canvas_item" is null.
   at: canvas_item_set_draw_index (servers/rendering/renderer_canvas_cull.cpp:1960)
ERROR: Parameter "canvas_item" is null.
   at: canvas_item_set_draw_index (servers/rendering/renderer_canvas_cull.cpp:1960)
ultimate_session_lifecycle_probe: doctor/plague_syringe pass=true scene=res://scenes/vfx/ultimates/doctor/DoctorPlagueSyringeBlackEpidemic.tscn cast_frames=356 failures=[]
ERROR: Parameter "canvas_item" is null.
   at: canvas_item_set_draw_index (servers/rendering/renderer_canvas_cull.cpp:1960)
ERROR: Condition "p_node->data.tree != data.tree" is true. Returning: false
   at: is_greater_than (scene/main/node.cpp:2169)
ERROR: Condition "p_node->data.tree != data.tree" is true. Returning: false
   at: is_greater_than (scene/main/node.cpp:2169)
ERROR: Condition "!data.tree" is true. Returning: false
   at: is_greater_than (scene/main/node.cpp:2168)
ERROR: Parameter "canvas_item" is null.
   at: canvas_item_set_draw_index (servers/rendering/renderer_canvas_cull.cpp:1960)
ERROR: Parameter "canvas_item" is null.
   at: canvas_item_set_draw_index (servers/rendering/renderer_canvas_cull.cpp:1960)
ERROR: Parameter "canvas_item" is null.
   at: canvas_item_set_draw_index (servers/rendering/renderer_canvas_cull.cpp:1960)
ERROR: Parameter "canvas_item" is null.
   at: canvas_item_set_draw_index (servers/rendering/renderer_canvas_cull.cpp:1960)
ERROR: Condition "p_node->data.tree != data.tree" is true. Returning: false
   at: is_greater_than (scene/main/node.cpp:2169)
ERROR: Condition "p_node->data.tree != data.tree" is true. Returning: false
   at: is_greater_than (scene/main/node.cpp:2169)
ERROR: Condition "p_node->data.tree != data.tree" is true. Returning: false
   at: is_greater_than (scene/main/node.cpp:2169)
ERROR: Condition "!data.tree" is true. Returning: false
   at: is_greater_than (scene/main/node.cpp:2168)
ERROR: Condition "!data.tree" is true. Returning: false
   at: is_greater_than (scene/main/node.cpp:2168)
ERROR: Condition "!data.tree" is true. Returning: false
   at: is_greater_than (scene/main/node.cpp:2168)
ERROR: Condition "p_node->data.tree != data.tree" is true. Returning: false
   at: is_greater_than (scene/main/node.cpp:2169)
ERROR: Condition "p_node->data.tree != data.tree" is true. Returning: false
   at: is_greater_than (scene/main/node.cpp:2169)
ERROR: Condition "!data.tree" is true. Returning: false
   at: is_greater_than (scene/main/node.cpp:2168)
ERROR: Condition "!data.tree" is true. Returning: false
   at: is_greater_than (scene/main/node.cpp:2168)
ERROR: Parameter "canvas_item" is null.
   at: canvas_item_set_draw_index (servers/rendering/renderer_canvas_cull.cpp:1960)
ERROR: Parameter "canvas_item" is null.
   at: canvas_item_set_draw_index (servers/rendering/renderer_canvas_cull.cpp:1960)
ERROR: Condition "p_node->data.tree != data.tree" is true. Returning: false
   at: is_greater_than (scene/main/node.cpp:2169)
ERROR: Condition "p_node->data.tree != data.tree" is true. Returning: false
   at: is_greater_than (scene/main/node.cpp:2169)
ERROR: Condition "p_node->data.tree != data.tree" is true. Returning: false
   at: is_greater_than (scene/main/node.cpp:2169)
ERROR: Condition "!data.tree" is true. Returning: false
   at: is_greater_than (scene/main/node.cpp:2168)
ERROR: Parameter "canvas_item" is null.
   at: canvas_item_set_draw_index (servers/rendering/renderer_canvas_cull.cpp:1960)
ERROR: Parameter "canvas_item" is null.
   at: canvas_item_set_draw_index (servers/rendering/renderer_canvas_cull.cpp:1960)
ERROR: Condition "p_node->data.tree != data.tree" is true. Returning: false
   at: is_greater_than (scene/main/node.cpp:2169)
ERROR: Condition "p_node->data.tree != data.tree" is true. Returning: false
   at: is_greater_than (scene/main/node.cpp:2169)
ERROR: Condition "p_node->data.tree != data.tree" is true. Returning: false
   at: is_greater_than (scene/main/node.cpp:2169)
ERROR: Condition "p_node->data.tree != data.tree" is true. Returning: false
   at: is_greater_than (scene/main/node.cpp:2169)
ERROR: Condition "p_node->data.tree != data.tree" is true. Returning: false
   at: is_greater_than (scene/main/node.cpp:2169)
ERROR: Condition "p_node->data.tree != data.tree" is true. Returning: false
   at: is_greater_than (scene/main/node.cpp:2169)
ERROR: Condition "!data.tree" is true. Returning: false
   at: is_greater_than (scene/main/node.cpp:2168)
ERROR: Condition "!data.tree" is true. Returning: false
   at: is_greater_than (scene/main/node.cpp:2168)
ERROR: Condition "!data.tree" is true. Returning: false
   at: is_greater_than (scene/main/node.cpp:2168)
ERROR: Condition "!data.tree" is true. Returning: false
   at: is_greater_than (scene/main/node.cpp:2168)
ERROR: Condition "!data.tree" is true. Returning: false
   at: is_greater_than (scene/main/node.cpp:2168)
ERROR: Condition "!data.tree" is true. Returning: false
   at: is_greater_than (scene/main/node.cpp:2168)
ERROR: Condition "!data.tree" is true. Returning: false
   at: is_greater_than (scene/main/node.cpp:2168)
ERROR: Condition "!data.tree" is true. Returning: false
   at: is_greater_than (scene/main/node.cpp:2168)
ERROR: Condition "!data.tree" is true. Returning: false
   at: is_greater_than (scene/main/node.cpp:2168)
ERROR: Condition "!data.tree" is true. Returning: false
   at: is_greater_than (scene/main/node.cpp:2168)
ERROR: Condition "!data.tree" is true. Returning: false
   at: is_greater_than (scene/main/node.cpp:2168)
ERROR: Condition "!data.tree" is true. Returning: false
   at: is_greater_than (scene/main/node.cpp:2168)
ERROR: Condition "!data.tree" is true. Returning: false
   at: is_greater_than (scene/main/node.cpp:2168)
ERROR: Condition "!data.tree" is true. Returning: false
   at: is_greater_than (scene/main/node.cpp:2168)
ERROR: Condition "!data.tree" is true. Returning: false
   at: is_greater_than (scene/main/node.cpp:2168)
ERROR: Condition "!data.tree" is true. Returning: false
   at: is_greater_than (scene/main/node.cpp:2168)
ERROR: Condition "!data.tree" is true. Returning: false
   at: is_greater_than (scene/main/node.cpp:2168)
ERROR: Condition "!data.tree" is true. Returning: false
   at: is_greater_than (scene/main/node.cpp:2168)
ERROR: Condition "!data.tree" is true. Returning: false
   at: is_greater_than (scene/main/node.cpp:2168)
ERROR: Condition "!data.tree" is true. Returning: false
   at: is_greater_than (scene/main/node.cpp:2168)
ERROR: Condition "p_node->data.tree != data.tree" is true. Returning: false
   at: is_greater_than (scene/main/node.cpp:2169)
ERROR: Condition "p_node->data.tree != data.tree" is true. Returning: false
   at: is_greater_than (scene/main/node.cpp:2169)
ERROR: Condition "p_node->data.tree != data.tree" is true. Returning: false
   at: is_greater_than (scene/main/node.cpp:2169)
ERROR: Condition "p_node->data.tree != data.tree" is true. Returning: false
   at: is_greater_than (scene/main/node.cpp:2169)
ultimate_session_lifecycle_probe: doctor/bone_saw pass=true scene=res://scenes/vfx/ultimates/doctor/DoctorBoneSawEmergencySurgery.tscn cast_frames=358 failures=[]
Multi-class session [dark_mage_then_doctor]: exit 6 in 21.0s, pairs 6/6, lifecycle errors {"Condition \"!data.tree\" is true":27,"Condition \"data.parent\" is true":2,"Condition \"p_node->data.tree != data.tree\" is true":20,"Parameter \"canvas_item\" is null":35,"Parent node is busy adding/removing children":2}, log /Users/sergeyfomin/Library/Application Support/Godot/app_userdata/FantasyDisk/fan3991_session_dark_mage_then_doctor.log
Godot Engine v4.7.stable.official.5b4e0cb0f - https://godotengine.org

ultimate_session_lifecycle_probe: chemist/blast_powder pass=true scene=res://scenes/vfx/ultimates/chemist/ChemistBlastPowderPhilosophersExplosion.tscn cast_frames=364 failures=[]
ultimate_session_lifecycle_probe: chemist/acid_flask pass=true scene=res://scenes/vfx/ultimates/chemist/ChemistAcidFlaskTsarFlask.tscn cast_frames=350 failures=[]
ultimate_session_lifecycle_probe: chemist/homunculus_vial pass=true scene=res://scenes/vfx/ultimates/chemist/ChemistHomunculusVialPerfectHomunculus.tscn cast_frames=357 failures=[]
ERROR: Parent node is busy adding/removing children, `remove_child()` can't be called at this time. Consider using `remove_child.call_deferred(child)` instead.
   at: remove_child (scene/main/node.cpp:1750)
   GDScript backtrace (most recent call first):
       [0] _clear_impacts (res://scenes/vfx/ultimates/doctor/doctor_ultimate_timeline_scene.gd:876)
       [1] finish (res://scenes/vfx/ultimates/doctor/doctor_ultimate_timeline_scene.gd:203)
       [2] finish (res://scripts/ultimates/presentation/weapon_ultimate_presentation_runtime.gd:117)
       [3] ultimate_host_finish_presentation (res://scripts/ultimates/controller/ultimate_player_host.gd:280)
       [4] _shutdown (res://scripts/ultimates/controller/ultimate_controller.gd:161)
       [5] cancel (res://scripts/ultimates/controller/ultimate_controller.gd:134)
       [6] _exit_tree (res://scripts/ultimates/controller/ultimate_player_host.gd:125)
       [7] _retire_owned_player_node (res://scripts/main.gd:1715)
       [8] _clear_world (res://scripts/main.gd:1619)
       [9] _end_combat (res://scripts/combat_director.gd:414)
       [10] _play_pair (res://tools/ultimate_session_lifecycle_probe.gd:241)
ERROR: Condition "data.parent" is true.
   at: ~Node (scene/main/node.cpp:4140)
   GDScript backtrace (most recent call first):
       [0] _clear_impacts (res://scenes/vfx/ultimates/doctor/doctor_ultimate_timeline_scene.gd:876)
       [1] finish (res://scenes/vfx/ultimates/doctor/doctor_ultimate_timeline_scene.gd:203)
       [2] finish (res://scripts/ultimates/presentation/weapon_ultimate_presentation_runtime.gd:117)
       [3] ultimate_host_finish_presentation (res://scripts/ultimates/controller/ultimate_player_host.gd:280)
       [4] _shutdown (res://scripts/ultimates/controller/ultimate_controller.gd:161)
       [5] cancel (res://scripts/ultimates/controller/ultimate_controller.gd:134)
       [6] _exit_tree (res://scripts/ultimates/controller/ultimate_player_host.gd:125)
       [7] _retire_owned_player_node (res://scripts/main.gd:1715)
       [8] _clear_world (res://scripts/main.gd:1619)
       [9] _end_combat (res://scripts/combat_director.gd:414)
       [10] _play_pair (res://tools/ultimate_session_lifecycle_probe.gd:241)
ERROR: Parameter "canvas_item" is null.
   at: canvas_item_set_draw_index (servers/rendering/renderer_canvas_cull.cpp:1960)
ERROR: Parameter "canvas_item" is null.
   at: canvas_item_set_draw_index (servers/rendering/renderer_canvas_cull.cpp:1960)
ERROR: Parameter "canvas_item" is null.
   at: canvas_item_set_draw_index (servers/rendering/renderer_canvas_cull.cpp:1960)
ultimate_session_lifecycle_probe: doctor/restore_potion pass=true scene=res://scenes/vfx/ultimates/doctor/DoctorRestorePotionElixir.tscn cast_frames=359 failures=[]
ERROR: Parameter "canvas_item" is null.
   at: canvas_item_set_draw_index (servers/rendering/renderer_canvas_cull.cpp:1960)
ERROR: Parameter "canvas_item" is null.
   at: canvas_item_set_draw_index (servers/rendering/renderer_canvas_cull.cpp:1960)
ERROR: Parameter "canvas_item" is null.
   at: canvas_item_set_draw_index (servers/rendering/renderer_canvas_cull.cpp:1960)
ERROR: Parameter "canvas_item" is null.
   at: canvas_item_set_draw_index (servers/rendering/renderer_canvas_cull.cpp:1960)
ERROR: Parameter "canvas_item" is null.
   at: canvas_item_set_draw_index (servers/rendering/renderer_canvas_cull.cpp:1960)
ERROR: Parameter "canvas_item" is null.
   at: canvas_item_set_draw_index (servers/rendering/renderer_canvas_cull.cpp:1960)
ERROR: Parameter "canvas_item" is null.
   at: canvas_item_set_draw_index (servers/rendering/renderer_canvas_cull.cpp:1960)
ERROR: Parameter "canvas_item" is null.
   at: canvas_item_set_draw_index (servers/rendering/renderer_canvas_cull.cpp:1960)
ERROR: Parameter "canvas_item" is null.
   at: canvas_item_set_draw_index (servers/rendering/renderer_canvas_cull.cpp:1960)
ERROR: Parameter "canvas_item" is null.
   at: canvas_item_set_draw_index (servers/rendering/renderer_canvas_cull.cpp:1960)
ERROR: Parameter "canvas_item" is null.
   at: canvas_item_set_draw_index (servers/rendering/renderer_canvas_cull.cpp:1960)
ERROR: Parameter "canvas_item" is null.
   at: canvas_item_set_draw_index (servers/rendering/renderer_canvas_cull.cpp:1960)
ERROR: Parameter "canvas_item" is null.
   at: canvas_item_set_draw_index (servers/rendering/renderer_canvas_cull.cpp:1960)
ERROR: Parameter "canvas_item" is null.
   at: canvas_item_set_draw_index (servers/rendering/renderer_canvas_cull.cpp:1960)
ERROR: Parameter "canvas_item" is null.
   at: canvas_item_set_draw_index (servers/rendering/renderer_canvas_cull.cpp:1960)
ERROR: Parent node is busy adding/removing children, `remove_child()` can't be called at this time. Consider using `remove_child.call_deferred(child)` instead.
   at: remove_child (scene/main/node.cpp:1750)
   GDScript backtrace (most recent call first):
       [0] _clear_impacts (res://scenes/vfx/ultimates/doctor/doctor_ultimate_timeline_scene.gd:876)
       [1] finish (res://scenes/vfx/ultimates/doctor/doctor_ultimate_timeline_scene.gd:203)
       [2] finish (res://scripts/ultimates/presentation/weapon_ultimate_presentation_runtime.gd:117)
       [3] ultimate_host_finish_presentation (res://scripts/ultimates/controller/ultimate_player_host.gd:280)
       [4] _shutdown (res://scripts/ultimates/controller/ultimate_controller.gd:161)
       [5] cancel (res://scripts/ultimates/controller/ultimate_controller.gd:134)
       [6] _exit_tree (res://scripts/ultimates/controller/ultimate_player_host.gd:125)
       [7] _retire_owned_player_node (res://scripts/main.gd:1715)
       [8] _clear_world (res://scripts/main.gd:1619)
       [9] _end_combat (res://scripts/combat_director.gd:414)
       [10] _play_pair (res://tools/ultimate_session_lifecycle_probe.gd:241)
ERROR: Condition "data.parent" is true.
   at: ~Node (scene/main/node.cpp:4140)
   GDScript backtrace (most recent call first):
       [0] _clear_impacts (res://scenes/vfx/ultimates/doctor/doctor_ultimate_timeline_scene.gd:876)
       [1] finish (res://scenes/vfx/ultimates/doctor/doctor_ultimate_timeline_scene.gd:203)
       [2] finish (res://scripts/ultimates/presentation/weapon_ultimate_presentation_runtime.gd:117)
       [3] ultimate_host_finish_presentation (res://scripts/ultimates/controller/ultimate_player_host.gd:280)
       [4] _shutdown (res://scripts/ultimates/controller/ultimate_controller.gd:161)
       [5] cancel (res://scripts/ultimates/controller/ultimate_controller.gd:134)
       [6] _exit_tree (res://scripts/ultimates/controller/ultimate_player_host.gd:125)
       [7] _retire_owned_player_node (res://scripts/main.gd:1715)
       [8] _clear_world (res://scripts/main.gd:1619)
       [9] _end_combat (res://scripts/combat_director.gd:414)
       [10] _play_pair (res://tools/ultimate_session_lifecycle_probe.gd:241)
ERROR: Parameter "canvas_item" is null.
   at: canvas_item_set_draw_index (servers/rendering/renderer_canvas_cull.cpp:1960)
ERROR: Parameter "canvas_item" is null.
   at: canvas_item_set_draw_index (servers/rendering/renderer_canvas_cull.cpp:1960)
ultimate_session_lifecycle_probe: doctor/plague_syringe pass=true scene=res://scenes/vfx/ultimates/doctor/DoctorPlagueSyringeBlackEpidemic.tscn cast_frames=357 failures=[]
ERROR: Parameter "canvas_item" is null.
   at: canvas_item_set_draw_index (servers/rendering/renderer_canvas_cull.cpp:1960)
ERROR: Condition "p_node->data.tree != data.tree" is true. Returning: false
   at: is_greater_than (scene/main/node.cpp:2169)
ERROR: Condition "p_node->data.tree != data.tree" is true. Returning: false
   at: is_greater_than (scene/main/node.cpp:2169)
ERROR: Condition "!data.tree" is true. Returning: false
   at: is_greater_than (scene/main/node.cpp:2168)
ERROR: Parameter "canvas_item" is null.
   at: canvas_item_set_draw_index (servers/rendering/renderer_canvas_cull.cpp:1960)
ERROR: Parameter "canvas_item" is null.
   at: canvas_item_set_draw_index (servers/rendering/renderer_canvas_cull.cpp:1960)
ERROR: Parameter "canvas_item" is null.
   at: canvas_item_set_draw_index (servers/rendering/renderer_canvas_cull.cpp:1960)
ERROR: Condition "p_node->data.tree != data.tree" is true. Returning: false
   at: is_greater_than (scene/main/node.cpp:2169)
ERROR: Condition "p_node->data.tree != data.tree" is true. Returning: false
   at: is_greater_than (scene/main/node.cpp:2169)
ERROR: Condition "p_node->data.tree != data.tree" is true. Returning: false
   at: is_greater_than (scene/main/node.cpp:2169)
ERROR: Condition "!data.tree" is true. Returning: false
   at: is_greater_than (scene/main/node.cpp:2168)
ERROR: Condition "p_node->data.tree != data.tree" is true. Returning: false
   at: is_greater_than (scene/main/node.cpp:2169)
ERROR: Condition "!data.tree" is true. Returning: false
   at: is_greater_than (scene/main/node.cpp:2168)
ERROR: Condition "p_node->data.tree != data.tree" is true. Returning: false
   at: is_greater_than (scene/main/node.cpp:2169)
ERROR: Condition "p_node->data.tree != data.tree" is true. Returning: false
   at: is_greater_than (scene/main/node.cpp:2169)
ERROR: Condition "!data.tree" is true. Returning: false
   at: is_greater_than (scene/main/node.cpp:2168)
ERROR: Condition "!data.tree" is true. Returning: false
   at: is_greater_than (scene/main/node.cpp:2168)
ERROR: Parameter "canvas_item" is null.
   at: canvas_item_set_draw_index (servers/rendering/renderer_canvas_cull.cpp:1960)
ERROR: Parameter "canvas_item" is null.
   at: canvas_item_set_draw_index (servers/rendering/renderer_canvas_cull.cpp:1960)
ERROR: Condition "p_node->data.tree != data.tree" is true. Returning: false
   at: is_greater_than (scene/main/node.cpp:2169)
ERROR: Condition "p_node->data.tree != data.tree" is true. Returning: false
   at: is_greater_than (scene/main/node.cpp:2169)
ERROR: Condition "p_node->data.tree != data.tree" is true. Returning: false
   at: is_greater_than (scene/main/node.cpp:2169)
ERROR: Condition "!data.tree" is true. Returning: false
   at: is_greater_than (scene/main/node.cpp:2168)
ERROR: Parameter "canvas_item" is null.
   at: canvas_item_set_draw_index (servers/rendering/renderer_canvas_cull.cpp:1960)
ERROR: Parameter "canvas_item" is null.
   at: canvas_item_set_draw_index (servers/rendering/renderer_canvas_cull.cpp:1960)
ERROR: Condition "p_node->data.tree != data.tree" is true. Returning: false
   at: is_greater_than (scene/main/node.cpp:2169)
ERROR: Condition "p_node->data.tree != data.tree" is true. Returning: false
   at: is_greater_than (scene/main/node.cpp:2169)
ERROR: Condition "p_node->data.tree != data.tree" is true. Returning: false
   at: is_greater_than (scene/main/node.cpp:2169)
ERROR: Condition "p_node->data.tree != data.tree" is true. Returning: false
   at: is_greater_than (scene/main/node.cpp:2169)
ERROR: Condition "p_node->data.tree != data.tree" is true. Returning: false
   at: is_greater_than (scene/main/node.cpp:2169)
ERROR: Condition "p_node->data.tree != data.tree" is true. Returning: false
   at: is_greater_than (scene/main/node.cpp:2169)
ultimate_session_lifecycle_probe: doctor/bone_saw pass=true scene=res://scenes/vfx/ultimates/doctor/DoctorBoneSawEmergencySurgery.tscn cast_frames=345 failures=[]
Multi-class session [chemist_then_doctor]: exit 6 in 21.3s, pairs 6/6, lifecycle errors {"Condition \"!data.tree\" is true":6,"Condition \"data.parent\" is true":2,"Condition \"p_node->data.tree != data.tree\" is true":17,"Parameter \"canvas_item\" is null":28,"Parent node is busy adding/removing children":2}, log /Users/sergeyfomin/Library/Application Support/Godot/app_userdata/FantasyDisk/fan3991_session_chemist_then_doctor.log
Godot Engine v4.7.stable.official.5b4e0cb0f - https://godotengine.org

ultimate_session_lifecycle_probe: dark_mage/dark_book pass=true scene=res://scenes/vfx/ultimates/dark_mage/DarkMageBookAbyssMirror.tscn cast_frames=428 failures=[]
ultimate_session_lifecycle_probe: dark_mage/cursed_skull pass=true scene=res://scenes/vfx/ultimates/dark_mage/DarkMageSkullCursedCrown.tscn cast_frames=489 failures=[]
ultimate_session_lifecycle_probe: dark_mage/dark_wand pass=true scene=res://scenes/vfx/ultimates/dark_mage/DarkMageWandVanishingThread.tscn cast_frames=539 failures=[]
ultimate_session_lifecycle_probe: doctor/restore_potion pass=true scene=res://scenes/vfx/ultimates/doctor/DoctorRestorePotionElixir.tscn cast_frames=561 failures=[]
ultimate_session_lifecycle_probe: doctor/plague_syringe pass=true scene=res://scenes/vfx/ultimates/doctor/DoctorPlagueSyringeBlackEpidemic.tscn cast_frames=821 failures=[]
ultimate_session_lifecycle_probe: doctor/bone_saw pass=true scene=res://scenes/vfx/ultimates/doctor/DoctorBoneSawEmergencySurgery.tscn cast_frames=533 failures=[]
ultimate_session_lifecycle_probe: 6/6 pairs pass in one process (peak objects 3973)
Multi-class session [dark_mage_then_doctor_natural_end]: exit 0 in 35.7s, pairs 6/6, lifecycle errors {}, log /Users/sergeyfomin/Library/Application Support/Godot/app_userdata/FantasyDisk/fan3991_session_dark_mage_then_doctor_natural_end.log
Godot Engine v4.7.stable.official.5b4e0cb0f - https://godotengine.org

ultimate_session_lifecycle_probe: berserk/sword pass=true scene=res://scenes/vfx/ultimates/berserk/BerserkSwordScarletWhirlwind.tscn cast_frames=364 failures=[]
ultimate_session_lifecycle_probe: berserk/axe pass=true scene=res://scenes/vfx/ultimates/berserk/BerserkAxeExecutionLoop.tscn cast_frames=350 failures=[]
ultimate_session_lifecycle_probe: berserk/hammer pass=true scene=res://scenes/vfx/ultimates/berserk/BerserkHammerFourfoldRift.tscn cast_frames=359 failures=[]
ultimate_session_lifecycle_probe: soldier/soldier_rifle pass=true scene=res://scenes/vfx/ultimates/soldier/SoldierRifleSuppressiveOrder.tscn cast_frames=355 failures=[]
ultimate_session_lifecycle_probe: soldier/soldier_grenade pass=true scene=res://scenes/vfx/ultimates/soldier/SoldierGrenadeSevenSeconds.tscn cast_frames=357 failures=[]
ultimate_session_lifecycle_probe: soldier/soldier_bayonet pass=true scene=res://scenes/vfx/ultimates/soldier/SoldierBayonetLastCharge.tscn cast_frames=355 failures=[]
ultimate_session_lifecycle_probe: thief/thief_coin_pouch pass=true scene=res://scenes/vfx/ultimates/thief/ThiefCoinPouchUltimate.tscn cast_frames=348 failures=[]
ultimate_session_lifecycle_probe: thief/thief_shadow_cloak pass=true scene=res://scenes/vfx/ultimates/thief/ThiefShadowCloakUltimate.tscn cast_frames=359 failures=[]
ultimate_session_lifecycle_probe: thief/thief_smoke_bomb pass=true scene=res://scenes/vfx/ultimates/thief/ThiefSmokeBombUltimate.tscn cast_frames=359 failures=[]
ultimate_session_lifecycle_probe: elementalist/elementalist_orb_ring pass=true scene=res://scenes/vfx/ultimates/elementalist/ElementalistOrbRingGrandConclave.tscn cast_frames=359 failures=[]
ultimate_session_lifecycle_probe: elementalist/elementalist_prism_focus pass=true scene=res://scenes/vfx/ultimates/elementalist/ElementalistPrismFocusPrismaticVerdict.tscn cast_frames=352 failures=[]
ultimate_session_lifecycle_probe: elementalist/elementalist_meteor_core pass=true scene=res://scenes/vfx/ultimates/elementalist/ElementalistMeteorCoreStarfall.tscn cast_frames=354 failures=[]
ultimate_session_lifecycle_probe: sniper/sniper_deadeye_rifle pass=true scene=res://scenes/vfx/ultimates/sniper/sniper_deadeye_rifle_ultimate.tscn cast_frames=359 failures=[]
ultimate_session_lifecycle_probe: sniper/sniper_spotter_scope pass=true scene=res://scenes/vfx/ultimates/sniper/sniper_spotter_scope_ultimate.tscn cast_frames=355 failures=[]
ultimate_session_lifecycle_probe: sniper/sniper_shatter_rounds pass=true scene=res://scenes/vfx/ultimates/sniper/sniper_shatter_rounds_ultimate.tscn cast_frames=359 failures=[]
ultimate_session_lifecycle_probe: priest/priest_reliquary pass=true scene=res://scenes/vfx/ultimates/priest/PriestReliquarySanctumJudgment.tscn cast_frames=358 failures=[]
ultimate_session_lifecycle_probe: priest/priest_censer pass=true scene=res://scenes/vfx/ultimates/priest/PriestCenserUnbreakableVow.tscn cast_frames=356 failures=[]
ultimate_session_lifecycle_probe: priest/priest_chime pass=true scene=res://scenes/vfx/ultimates/priest/PriestChimeThreeBellsOfDawn.tscn cast_frames=353 failures=[]
ultimate_session_lifecycle_probe: biologist/biologist_spore_lens pass=true scene=res://scenes/vfx/ultimates/biologist/BiologistSporeLensWorldMycelium.tscn cast_frames=344 failures=[]
ultimate_session_lifecycle_probe: biologist/biologist_sample_injector pass=true scene=res://scenes/vfx/ultimates/biologist/BiologistSampleInjectorPerfectSample.tscn cast_frames=342 failures=[]
ultimate_session_lifecycle_probe: biologist/biologist_symbiote_seed pass=true scene=res://scenes/vfx/ultimates/biologist/BiologistSymbioteSeedMatriarch.tscn cast_frames=358 failures=[]
ultimate_session_lifecycle_probe: robot/robot_magnetic_anchor pass=true scene=res://scenes/vfx/ultimates/robot/RobotMagneticAnchorSingularity.tscn cast_frames=356 failures=[]
ultimate_session_lifecycle_probe: robot/robot_hydraulic_press pass=true scene=res://scenes/vfx/ultimates/robot/RobotHydraulicPressProtocol.tscn cast_frames=355 failures=[]
ultimate_session_lifecycle_probe: robot/robot_reactor_core pass=true scene=res://scenes/vfx/ultimates/robot/RobotReactorCoreRedZone.tscn cast_frames=352 failures=[]
ultimate_session_lifecycle_probe: engineer/engineer_sentry_wrench pass=true scene=res://scenes/vfx/ultimates/engineer/EngineerSentryWrenchUltimate.tscn cast_frames=357 failures=[]
ultimate_session_lifecycle_probe: engineer/engineer_repair_drone pass=true scene=res://scenes/vfx/ultimates/engineer/EngineerRepairDroneUltimate.tscn cast_frames=349 failures=[]
ultimate_session_lifecycle_probe: engineer/engineer_pressure_mines pass=true scene=res://scenes/vfx/ultimates/engineer/EngineerPressureMinesUltimate.tscn cast_frames=353 failures=[]
ultimate_session_lifecycle_probe: dark_mage/dark_book pass=true scene=res://scenes/vfx/ultimates/dark_mage/DarkMageBookAbyssMirror.tscn cast_frames=308 failures=[]
ultimate_session_lifecycle_probe: dark_mage/cursed_skull pass=true scene=res://scenes/vfx/ultimates/dark_mage/DarkMageSkullCursedCrown.tscn cast_frames=358 failures=[]
ultimate_session_lifecycle_probe: dark_mage/dark_wand pass=true scene=res://scenes/vfx/ultimates/dark_mage/DarkMageWandVanishingThread.tscn cast_frames=336 failures=[]
ultimate_session_lifecycle_probe: guitarist/electric_guitar pass=true scene=res://scenes/vfx/ultimates/guitarist/GuitaristElectricGuitarLastChord.tscn cast_frames=314 failures=[]
ultimate_session_lifecycle_probe: guitarist/bass_guitar pass=true scene=res://scenes/vfx/ultimates/guitarist/GuitaristBassGuitarHellSubwoofer.tscn cast_frames=308 failures=[]
ultimate_session_lifecycle_probe: guitarist/sound_amp pass=true scene=res://scenes/vfx/ultimates/guitarist/GuitaristSoundAmpWallOfSound.tscn cast_frames=307 failures=[]
ultimate_session_lifecycle_probe: assassin/chakrams pass=true scene=res://scenes/vfx/ultimates/assassin/AssassinChakramsEightMoons.tscn cast_frames=338 failures=[]
ultimate_session_lifecycle_probe: assassin/shadow_daggers pass=true scene=res://scenes/vfx/ultimates/assassin/AssassinShadowDaggersMomentBeforeDeath.tscn cast_frames=340 failures=[]
ERROR: Error calling method from CallbackTweener: 'Node2D(class_weapon.gd)::_apply_weapon_dot_tick': Cannot convert argument 1 from Object to Object.
   at: step (scene/animation/tween.cpp:771)
ERROR: Error calling method from CallbackTweener: 'Node2D(class_weapon.gd)::_apply_weapon_dot_tick': Cannot convert argument 1 from Object to Object.
   at: step (scene/animation/tween.cpp:771)
ERROR: Error calling method from CallbackTweener: 'Node2D(class_weapon.gd)::_apply_weapon_dot_tick': Cannot convert argument 1 from Object to Object.
   at: step (scene/animation/tween.cpp:771)
ERROR: Error calling method from CallbackTweener: 'Node2D(class_weapon.gd)::_apply_weapon_dot_tick': Cannot convert argument 1 from Object to Object.
   at: step (scene/animation/tween.cpp:771)
ERROR: Error calling method from CallbackTweener: 'Node2D(class_weapon.gd)::_apply_weapon_dot_tick': Cannot convert argument 1 from Object to Object.
   at: step (scene/animation/tween.cpp:771)
ERROR: Error calling method from CallbackTweener: 'Node2D(class_weapon.gd)::_apply_weapon_dot_tick': Cannot convert argument 1 from Object to Object.
   at: step (scene/animation/tween.cpp:771)
ERROR: Error calling method from CallbackTweener: 'Node2D(class_weapon.gd)::_apply_weapon_dot_tick': Cannot convert argument 1 from Object to Object.
   at: step (scene/animation/tween.cpp:771)
ERROR: Error calling method from CallbackTweener: 'Node2D(class_weapon.gd)::_apply_weapon_dot_tick': Cannot convert argument 1 from Object to Object.
   at: step (scene/animation/tween.cpp:771)
ERROR: Error calling method from CallbackTweener: 'Node2D(class_weapon.gd)::_apply_weapon_dot_tick': Cannot convert argument 1 from Object to Object.
   at: step (scene/animation/tween.cpp:771)
ERROR: Error calling method from CallbackTweener: 'Node2D(class_weapon.gd)::_apply_weapon_dot_tick': Cannot convert argument 1 from Object to Object.
   at: step (scene/animation/tween.cpp:771)
ERROR: Error calling method from CallbackTweener: 'Node2D(class_weapon.gd)::_apply_weapon_dot_tick': Cannot convert argument 1 from Object to Object.
   at: step (scene/animation/tween.cpp:771)
ERROR: Error calling method from CallbackTweener: 'Node2D(class_weapon.gd)::_apply_weapon_dot_tick': Cannot convert argument 1 from Object to Object.
   at: step (scene/animation/tween.cpp:771)
ERROR: Error calling method from CallbackTweener: 'Node2D(class_weapon.gd)::_apply_weapon_dot_tick': Cannot convert argument 1 from Object to Object.
   at: step (scene/animation/tween.cpp:771)
ERROR: Error calling method from CallbackTweener: 'Node2D(class_weapon.gd)::_apply_weapon_dot_tick': Cannot convert argument 1 from Object to Object.
   at: step (scene/animation/tween.cpp:771)
ERROR: Error calling method from CallbackTweener: 'Node2D(class_weapon.gd)::_apply_weapon_dot_tick': Cannot convert argument 1 from Object to Object.
   at: step (scene/animation/tween.cpp:771)
ERROR: Error calling method from CallbackTweener: 'Node2D(class_weapon.gd)::_apply_weapon_dot_tick': Cannot convert argument 1 from Object to Object.
   at: step (scene/animation/tween.cpp:771)
ERROR: Error calling method from CallbackTweener: 'Node2D(class_weapon.gd)::_apply_weapon_dot_tick': Cannot convert argument 1 from Object to Object.
   at: step (scene/animation/tween.cpp:771)
ultimate_session_lifecycle_probe: assassin/venom_wire pass=true scene=res://scenes/vfx/ultimates/assassin/AssassinVenomWireBlackWeb.tscn cast_frames=338 failures=[]
ultimate_session_lifecycle_probe: ranger/moon_crossbow pass=true scene=res://scenes/vfx/ultimates/ranger/RangerMoonCrossbowMoonHunt.tscn cast_frames=347 failures=[]
ultimate_session_lifecycle_probe: ranger/storm_longbow pass=true scene=res://scenes/vfx/ultimates/ranger/RangerStormLongbowStormEye.tscn cast_frames=349 failures=[]
ultimate_session_lifecycle_probe: ranger/hunter_trap pass=true scene=res://scenes/vfx/ultimates/ranger/RangerHunterTrapGrandTrap.tscn cast_frames=346 failures=[]
ERROR: Parent node is busy adding/removing children, `remove_child()` can't be called at this time. Consider using `remove_child.call_deferred(child)` instead.
   at: remove_child (scene/main/node.cpp:1750)
   GDScript backtrace (most recent call first):
       [0] _clear_impacts (res://scenes/vfx/ultimates/doctor/doctor_ultimate_timeline_scene.gd:876)
       [1] finish (res://scenes/vfx/ultimates/doctor/doctor_ultimate_timeline_scene.gd:203)
       [2] finish (res://scripts/ultimates/presentation/weapon_ultimate_presentation_runtime.gd:117)
       [3] ultimate_host_finish_presentation (res://scripts/ultimates/controller/ultimate_player_host.gd:280)
       [4] _shutdown (res://scripts/ultimates/controller/ultimate_controller.gd:161)
       [5] cancel (res://scripts/ultimates/controller/ultimate_controller.gd:134)
       [6] _exit_tree (res://scripts/ultimates/controller/ultimate_player_host.gd:125)
       [7] _retire_owned_player_node (res://scripts/main.gd:1715)
       [8] _clear_world (res://scripts/main.gd:1619)
       [9] _end_combat (res://scripts/combat_director.gd:414)
       [10] _play_pair (res://tools/ultimate_session_lifecycle_probe.gd:241)
ERROR: Condition "data.parent" is true.
   at: ~Node (scene/main/node.cpp:4140)
   GDScript backtrace (most recent call first):
       [0] _clear_impacts (res://scenes/vfx/ultimates/doctor/doctor_ultimate_timeline_scene.gd:876)
       [1] finish (res://scenes/vfx/ultimates/doctor/doctor_ultimate_timeline_scene.gd:203)
       [2] finish (res://scripts/ultimates/presentation/weapon_ultimate_presentation_runtime.gd:117)
       [3] ultimate_host_finish_presentation (res://scripts/ultimates/controller/ultimate_player_host.gd:280)
       [4] _shutdown (res://scripts/ultimates/controller/ultimate_controller.gd:161)
       [5] cancel (res://scripts/ultimates/controller/ultimate_controller.gd:134)
       [6] _exit_tree (res://scripts/ultimates/controller/ultimate_player_host.gd:125)
       [7] _retire_owned_player_node (res://scripts/main.gd:1715)
       [8] _clear_world (res://scripts/main.gd:1619)
       [9] _end_combat (res://scripts/combat_director.gd:414)
       [10] _play_pair (res://tools/ultimate_session_lifecycle_probe.gd:241)
ERROR: Parameter "canvas_item" is null.
   at: canvas_item_set_draw_index (servers/rendering/renderer_canvas_cull.cpp:1960)
ERROR: Parameter "canvas_item" is null.
   at: canvas_item_set_draw_index (servers/rendering/renderer_canvas_cull.cpp:1960)
ERROR: Parameter "canvas_item" is null.
   at: canvas_item_set_draw_index (servers/rendering/renderer_canvas_cull.cpp:1960)
ultimate_session_lifecycle_probe: doctor/restore_potion pass=true scene=res://scenes/vfx/ultimates/doctor/DoctorRestorePotionElixir.tscn cast_frames=340 failures=[]
ERROR: Parameter "canvas_item" is null.
   at: canvas_item_set_draw_index (servers/rendering/renderer_canvas_cull.cpp:1960)
ERROR: Parameter "canvas_item" is null.
   at: canvas_item_set_draw_index (servers/rendering/renderer_canvas_cull.cpp:1960)
ERROR: Parameter "canvas_item" is null.
   at: canvas_item_set_draw_index (servers/rendering/renderer_canvas_cull.cpp:1960)
ERROR: Parameter "canvas_item" is null.
   at: canvas_item_set_draw_index (servers/rendering/renderer_canvas_cull.cpp:1960)
ERROR: Parameter "canvas_item" is null.
   at: canvas_item_set_draw_index (servers/rendering/renderer_canvas_cull.cpp:1960)
ERROR: Parameter "canvas_item" is null.
   at: canvas_item_set_draw_index (servers/rendering/renderer_canvas_cull.cpp:1960)
ERROR: Parameter "canvas_item" is null.
   at: canvas_item_set_draw_index (servers/rendering/renderer_canvas_cull.cpp:1960)
ERROR: Parameter "canvas_item" is null.
   at: canvas_item_set_draw_index (servers/rendering/renderer_canvas_cull.cpp:1960)
Multi-class session [all_17_classes]: exit 11 in 126.2s, pairs -1/-1, lifecycle errors {"Condition \"data.parent\" is true":1,"Parameter \"canvas_item\" is null":11,"Parent node is busy adding/removing children":1}, log /Users/sergeyfomin/Library/Application Support/Godot/app_userdata/FantasyDisk/fan3991_session_all_17_classes.log
ERROR: Multi-class session lifecycle test: dark_mage_then_doctor: child Godot exited 6 (a negative or >128 code is a crash)
   at: push_error (core/variant/variant_utility.cpp:1023)
   GDScript backtrace (most recent call first):
       [0] _initialize (res://tests/ultimates/multi_class_session_lifecycle_test.gd:75)
ERROR: Multi-class session lifecycle test: dark_mage_then_doctor: engine lifecycle errors in the session log: {"Condition \"!data.tree\" is true":27,"Condition \"data.parent\" is true":2,"Condition \"p_node->data.tree != data.tree\" is true":20,"Parameter \"canvas_item\" is null":35,"Parent node is busy adding/removing children":2}
   at: push_error (core/variant/variant_utility.cpp:1023)
   GDScript backtrace (most recent call first):
       [0] _initialize (res://tests/ultimates/multi_class_session_lifecycle_test.gd:75)
ERROR: Multi-class session lifecycle test: dark_mage_then_doctor:   ERROR: Parent node is busy adding/removing children, `remove_child()` can't be called at this time. Consider using `remove_child.call_deferred(child)` instead.
   at: push_error (core/variant/variant_utility.cpp:1023)
   GDScript backtrace (most recent call first):
       [0] _initialize (res://tests/ultimates/multi_class_session_lifecycle_test.gd:75)
ERROR: Multi-class session lifecycle test: dark_mage_then_doctor:   ERROR: Condition "data.parent" is true.
   at: push_error (core/variant/variant_utility.cpp:1023)
   GDScript backtrace (most recent call first):
       [0] _initialize (res://tests/ultimates/multi_class_session_lifecycle_test.gd:75)
ERROR: Multi-class session lifecycle test: dark_mage_then_doctor:   ERROR: Parameter "canvas_item" is null.
   at: push_error (core/variant/variant_utility.cpp:1023)
   GDScript backtrace (most recent call first):
       [0] _initialize (res://tests/ultimates/multi_class_session_lifecycle_test.gd:75)
ERROR: Multi-class session lifecycle test: dark_mage_then_doctor:   ERROR: Parameter "canvas_item" is null.
   at: push_error (core/variant/variant_utility.cpp:1023)
   GDScript backtrace (most recent call first):
       [0] _initialize (res://tests/ultimates/multi_class_session_lifecycle_test.gd:75)
ERROR: Multi-class session lifecycle test: dark_mage_then_doctor:   ERROR: Parameter "canvas_item" is null.
   at: push_error (core/variant/variant_utility.cpp:1023)
   GDScript backtrace (most recent call first):
       [0] _initialize (res://tests/ultimates/multi_class_session_lifecycle_test.gd:75)
ERROR: Multi-class session lifecycle test: dark_mage_then_doctor:   ERROR: Parameter "canvas_item" is null.
   at: push_error (core/variant/variant_utility.cpp:1023)
   GDScript backtrace (most recent call first):
       [0] _initialize (res://tests/ultimates/multi_class_session_lifecycle_test.gd:75)
ERROR: Multi-class session lifecycle test: dark_mage_then_doctor:   ERROR: Parameter "canvas_item" is null.
   at: push_error (core/variant/variant_utility.cpp:1023)
   GDScript backtrace (most recent call first):
       [0] _initialize (res://tests/ultimates/multi_class_session_lifecycle_test.gd:75)
ERROR: Multi-class session lifecycle test: dark_mage_then_doctor:   ERROR: Parameter "canvas_item" is null.
   at: push_error (core/variant/variant_utility.cpp:1023)
   GDScript backtrace (most recent call first):
       [0] _initialize (res://tests/ultimates/multi_class_session_lifecycle_test.gd:75)
ERROR: Multi-class session lifecycle test: dark_mage_then_doctor:   ERROR: Parameter "canvas_item" is null.
   at: push_error (core/variant/variant_utility.cpp:1023)
   GDScript backtrace (most recent call first):
       [0] _initialize (res://tests/ultimates/multi_class_session_lifecycle_test.gd:75)
ERROR: Multi-class session lifecycle test: dark_mage_then_doctor:   ERROR: Parameter "canvas_item" is null.
   at: push_error (core/variant/variant_utility.cpp:1023)
   GDScript backtrace (most recent call first):
       [0] _initialize (res://tests/ultimates/multi_class_session_lifecycle_test.gd:75)
ERROR: Multi-class session lifecycle test: dark_mage_then_doctor:   ERROR: Parameter "canvas_item" is null.
   at: push_error (core/variant/variant_utility.cpp:1023)
   GDScript backtrace (most recent call first):
       [0] _initialize (res://tests/ultimates/multi_class_session_lifecycle_test.gd:75)
ERROR: Multi-class session lifecycle test: dark_mage_then_doctor:   ERROR: Parameter "canvas_item" is null.
   at: push_error (core/variant/variant_utility.cpp:1023)
   GDScript backtrace (most recent call first):
       [0] _initialize (res://tests/ultimates/multi_class_session_lifecycle_test.gd:75)
ERROR: Multi-class session lifecycle test: chemist_then_doctor: child Godot exited 6 (a negative or >128 code is a crash)
   at: push_error (core/variant/variant_utility.cpp:1023)
   GDScript backtrace (most recent call first):
       [0] _initialize (res://tests/ultimates/multi_class_session_lifecycle_test.gd:75)
ERROR: Multi-class session lifecycle test: chemist_then_doctor: engine lifecycle errors in the session log: {"Condition \"!data.tree\" is true":6,"Condition \"data.parent\" is true":2,"Condition \"p_node->data.tree != data.tree\" is true":17,"Parameter \"canvas_item\" is null":28,"Parent node is busy adding/removing children":2}
   at: push_error (core/variant/variant_utility.cpp:1023)
   GDScript backtrace (most recent call first):
       [0] _initialize (res://tests/ultimates/multi_class_session_lifecycle_test.gd:75)
ERROR: Multi-class session lifecycle test: chemist_then_doctor:   ERROR: Parent node is busy adding/removing children, `remove_child()` can't be called at this time. Consider using `remove_child.call_deferred(child)` instead.
   at: push_error (core/variant/variant_utility.cpp:1023)
   GDScript backtrace (most recent call first):
       [0] _initialize (res://tests/ultimates/multi_class_session_lifecycle_test.gd:75)
ERROR: Multi-class session lifecycle test: chemist_then_doctor:   ERROR: Condition "data.parent" is true.
   at: push_error (core/variant/variant_utility.cpp:1023)
   GDScript backtrace (most recent call first):
       [0] _initialize (res://tests/ultimates/multi_class_session_lifecycle_test.gd:75)
ERROR: Multi-class session lifecycle test: chemist_then_doctor:   ERROR: Parameter "canvas_item" is null.
   at: push_error (core/variant/variant_utility.cpp:1023)
   GDScript backtrace (most recent call first):
       [0] _initialize (res://tests/ultimates/multi_class_session_lifecycle_test.gd:75)
ERROR: Multi-class session lifecycle test: chemist_then_doctor:   ERROR: Parameter "canvas_item" is null.
   at: push_error (core/variant/variant_utility.cpp:1023)
   GDScript backtrace (most recent call first):
       [0] _initialize (res://tests/ultimates/multi_class_session_lifecycle_test.gd:75)
ERROR: Multi-class session lifecycle test: chemist_then_doctor:   ERROR: Parameter "canvas_item" is null.
   at: push_error (core/variant/variant_utility.cpp:1023)
   GDScript backtrace (most recent call first):
       [0] _initialize (res://tests/ultimates/multi_class_session_lifecycle_test.gd:75)
ERROR: Multi-class session lifecycle test: chemist_then_doctor:   ERROR: Parameter "canvas_item" is null.
   at: push_error (core/variant/variant_utility.cpp:1023)
   GDScript backtrace (most recent call first):
       [0] _initialize (res://tests/ultimates/multi_class_session_lifecycle_test.gd:75)
ERROR: Multi-class session lifecycle test: chemist_then_doctor:   ERROR: Parameter "canvas_item" is null.
   at: push_error (core/variant/variant_utility.cpp:1023)
   GDScript backtrace (most recent call first):
       [0] _initialize (res://tests/ultimates/multi_class_session_lifecycle_test.gd:75)
ERROR: Multi-class session lifecycle test: chemist_then_doctor:   ERROR: Parameter "canvas_item" is null.
   at: push_error (core/variant/variant_utility.cpp:1023)
   GDScript backtrace (most recent call first):
       [0] _initialize (res://tests/ultimates/multi_class_session_lifecycle_test.gd:75)
ERROR: Multi-class session lifecycle test: chemist_then_doctor:   ERROR: Parameter "canvas_item" is null.
   at: push_error (core/variant/variant_utility.cpp:1023)
   GDScript backtrace (most recent call first):
       [0] _initialize (res://tests/ultimates/multi_class_session_lifecycle_test.gd:75)
ERROR: Multi-class session lifecycle test: chemist_then_doctor:   ERROR: Parameter "canvas_item" is null.
   at: push_error (core/variant/variant_utility.cpp:1023)
   GDScript backtrace (most recent call first):
       [0] _initialize (res://tests/ultimates/multi_class_session_lifecycle_test.gd:75)
ERROR: Multi-class session lifecycle test: chemist_then_doctor:   ERROR: Parameter "canvas_item" is null.
   at: push_error (core/variant/variant_utility.cpp:1023)
   GDScript backtrace (most recent call first):
       [0] _initialize (res://tests/ultimates/multi_class_session_lifecycle_test.gd:75)
ERROR: Multi-class session lifecycle test: chemist_then_doctor:   ERROR: Parameter "canvas_item" is null.
   at: push_error (core/variant/variant_utility.cpp:1023)
   GDScript backtrace (most recent call first):
       [0] _initialize (res://tests/ultimates/multi_class_session_lifecycle_test.gd:75)
ERROR: Multi-class session lifecycle test: all_17_classes: child Godot exited 11 (a negative or >128 code is a crash)
   at: push_error (core/variant/variant_utility.cpp:1023)
   GDScript backtrace (most recent call first):
       [0] _initialize (res://tests/ultimates/multi_class_session_lifecycle_test.gd:75)
ERROR: Multi-class session lifecycle test: all_17_classes: engine lifecycle errors in the session log: {"Condition \"data.parent\" is true":1,"Parameter \"canvas_item\" is null":11,"Parent node is busy adding/removing children":1}
   at: push_error (core/variant/variant_utility.cpp:1023)
   GDScript backtrace (most recent call first):
       [0] _initialize (res://tests/ultimates/multi_class_session_lifecycle_test.gd:75)
ERROR: Multi-class session lifecycle test: all_17_classes:   ERROR: Parent node is busy adding/removing children, `remove_child()` can't be called at this time. Consider using `remove_child.call_deferred(child)` instead.
   at: push_error (core/variant/variant_utility.cpp:1023)
   GDScript backtrace (most recent call first):
       [0] _initialize (res://tests/ultimates/multi_class_session_lifecycle_test.gd:75)
ERROR: Multi-class session lifecycle test: all_17_classes:   ERROR: Condition "data.parent" is true.
   at: push_error (core/variant/variant_utility.cpp:1023)
   GDScript backtrace (most recent call first):
       [0] _initialize (res://tests/ultimates/multi_class_session_lifecycle_test.gd:75)
ERROR: Multi-class session lifecycle test: all_17_classes:   ERROR: Parameter "canvas_item" is null.
   at: push_error (core/variant/variant_utility.cpp:1023)
   GDScript backtrace (most recent call first):
       [0] _initialize (res://tests/ultimates/multi_class_session_lifecycle_test.gd:75)
ERROR: Multi-class session lifecycle test: all_17_classes:   ERROR: Parameter "canvas_item" is null.
   at: push_error (core/variant/variant_utility.cpp:1023)
   GDScript backtrace (most recent call first):
       [0] _initialize (res://tests/ultimates/multi_class_session_lifecycle_test.gd:75)
ERROR: Multi-class session lifecycle test: all_17_classes:   ERROR: Parameter "canvas_item" is null.
   at: push_error (core/variant/variant_utility.cpp:1023)
   GDScript backtrace (most recent call first):
       [0] _initialize (res://tests/ultimates/multi_class_session_lifecycle_test.gd:75)
ERROR: Multi-class session lifecycle test: all_17_classes:   ERROR: Parameter "canvas_item" is null.
   at: push_error (core/variant/variant_utility.cpp:1023)
   GDScript backtrace (most recent call first):
       [0] _initialize (res://tests/ultimates/multi_class_session_lifecycle_test.gd:75)
ERROR: Multi-class session lifecycle test: all_17_classes:   ERROR: Parameter "canvas_item" is null.
   at: push_error (core/variant/variant_utility.cpp:1023)
   GDScript backtrace (most recent call first):
       [0] _initialize (res://tests/ultimates/multi_class_session_lifecycle_test.gd:75)
ERROR: Multi-class session lifecycle test: all_17_classes:   ERROR: Parameter "canvas_item" is null.
   at: push_error (core/variant/variant_utility.cpp:1023)
   GDScript backtrace (most recent call first):
       [0] _initialize (res://tests/ultimates/multi_class_session_lifecycle_test.gd:75)
ERROR: Multi-class session lifecycle test: all_17_classes:   ERROR: Parameter "canvas_item" is null.
   at: push_error (core/variant/variant_utility.cpp:1023)
   GDScript backtrace (most recent call first):
       [0] _initialize (res://tests/ultimates/multi_class_session_lifecycle_test.gd:75)
ERROR: Multi-class session lifecycle test: all_17_classes:   ERROR: Parameter "canvas_item" is null.
   at: push_error (core/variant/variant_utility.cpp:1023)
   GDScript backtrace (most recent call first):
       [0] _initialize (res://tests/ultimates/multi_class_session_lifecycle_test.gd:75)
ERROR: Multi-class session lifecycle test: all_17_classes:   ERROR: Parameter "canvas_item" is null.
   at: push_error (core/variant/variant_utility.cpp:1023)
   GDScript backtrace (most recent call first):
       [0] _initialize (res://tests/ultimates/multi_class_session_lifecycle_test.gd:75)
ERROR: Multi-class session lifecycle test: all_17_classes:   ERROR: Parameter "canvas_item" is null.
   at: push_error (core/variant/variant_utility.cpp:1023)
   GDScript backtrace (most recent call first):
       [0] _initialize (res://tests/ultimates/multi_class_session_lifecycle_test.gd:75)
ERROR: Multi-class session lifecycle test: all_17_classes: the probe wrote no report (/Users/sergeyfomin/Library/Application Support/Godot/app_userdata/FantasyDisk/fan3991_session_all_17_classes.json)
   at: push_error (core/variant/variant_utility.cpp:1023)
   GDScript backtrace (most recent call first):
       [0] _initialize (res://tests/ultimates/multi_class_session_lifecycle_test.gd:75)
ERROR: Multi-class session lifecycle test: 43 errors.
   at: push_error (core/variant/variant_utility.cpp:1023)
   GDScript backtrace (most recent call first):
       [0] _initialize (res://tests/ultimates/multi_class_session_lifecycle_test.gd:76)
