godot_gate: import cache missing, running headless import first
Godot Engine v4.7.stable.official.5b4e0cb0f - https://godotengine.org
[92m[ DONE ][39m [1mfirst_scan_filesystem[22m
[0m
[0m
[0m
[0m
[0m
[92m[ DONE ][39m [1mloading_editor_layout[22m
[0m
Godot Engine v4.7.stable.official.5b4e0cb0f - https://godotengine.org
Godot Engine v4.7.stable.official.5b4e0cb0f - https://godotengine.org
ERROR: Combat primitive ratchet: new combat primitive scene outside the ratchet: res://scenes/vfx/ultimates/druid/DruidRavenTotemNightOfThousandWings.tscn (1). The standard requires a PixelLab flipbook; the allowlist never grows.
   at: push_error (core/variant/variant_utility.cpp:1023)
   GDScript backtrace (most recent call first):
       [0] _init (res://tests/combat_primitive_ratchet_test.gd:114)
ERROR: Combat primitive ratchet: new combat primitive scene outside the ratchet: res://scenes/vfx/ultimates/druid/DruidBriarStaffForestInOneBreath.tscn (1). The standard requires a PixelLab flipbook; the allowlist never grows.
   at: push_error (core/variant/variant_utility.cpp:1023)
   GDScript backtrace (most recent call first):
       [0] _init (res://tests/combat_primitive_ratchet_test.gd:114)
ERROR: Combat primitive ratchet: new combat primitive scene outside the ratchet: res://scenes/vfx/ultimates/druid/DruidSummonAmuletWildHunt.tscn (1). The standard requires a PixelLab flipbook; the allowlist never grows.
   at: push_error (core/variant/variant_utility.cpp:1023)
   GDScript backtrace (most recent call first):
       [0] _init (res://tests/combat_primitive_ratchet_test.gd:114)
ERROR: Combat primitive ratchet: new combat primitive scene outside the ratchet: res://scenes/vfx/ultimates/guitarist/GuitaristSoundAmpWallOfSound.tscn (1). The standard requires a PixelLab flipbook; the allowlist never grows.
   at: push_error (core/variant/variant_utility.cpp:1023)
   GDScript backtrace (most recent call first):
       [0] _init (res://tests/combat_primitive_ratchet_test.gd:114)
ERROR: Combat primitive ratchet: new combat primitive scene outside the ratchet: res://scenes/vfx/ultimates/guitarist/GuitaristBassGuitarHellSubwoofer.tscn (1). The standard requires a PixelLab flipbook; the allowlist never grows.
   at: push_error (core/variant/variant_utility.cpp:1023)
   GDScript backtrace (most recent call first):
       [0] _init (res://tests/combat_primitive_ratchet_test.gd:114)
ERROR: Combat primitive ratchet: new combat primitive scene outside the ratchet: res://scenes/vfx/ultimates/guitarist/GuitaristElectricGuitarLastChord.tscn (1). The standard requires a PixelLab flipbook; the allowlist never grows.
   at: push_error (core/variant/variant_utility.cpp:1023)
   GDScript backtrace (most recent call first):
       [0] _init (res://tests/combat_primitive_ratchet_test.gd:114)
ERROR: Combat primitive ratchet: new combat primitive script outside the ratchet: res://scenes/vfx/ultimates/druid/druid_ultimate_v2_driver.gd (2). The standard requires a PixelLab flipbook; the allowlist never grows.
   at: push_error (core/variant/variant_utility.cpp:1023)
   GDScript backtrace (most recent call first):
       [0] _init (res://tests/combat_primitive_ratchet_test.gd:114)
