Godot Engine v4.7.stable.official.5b4e0cb0f - https://godotengine.org
OpenGL API 4.1 Metal - 90.5 - Compatibility - Using Device: Apple - Apple M4 Pro

driver v0.3.2_druid: renderer=gl_compatibility vsync=1 window=(2560, 1440)
phase route_map_first_show: 8 s, avg 119 FPS, 1% low 116, worst second 116, >50 ms 0, >100 ms 0, longest 21.9 ms, peak texture 3082 MiB
phase p2_48_enemies: 60 s, avg 106 FPS, 1% low 64, worst second 64, >50 ms 17, >100 ms 12, longest 610.6 ms, peak texture 4497 MiB
phase route_map_after_p2: 3 s, avg 117 FPS, 1% low 110, worst second 110, >50 ms 1, >100 ms 0, longest 89.7 ms, peak texture 3125 MiB
phase elite_night_stalker: 20 s, avg 112 FPS, 1% low 107, worst second 107, >50 ms 1, >100 ms 0, longest 62.1 ms, peak texture 3880 MiB
phase route_map_after_elite: 3 s, avg 119 FPS, 1% low 116, worst second 116, >50 ms 0, >100 ms 0, longest 32.3 ms, peak texture 3141 MiB
phase boss_act1_rift_warden: 20 s, avg 112 FPS, 1% low 107, worst second 107, >50 ms 0, >100 ms 0, longest 39.6 ms, peak texture 3777 MiB
phase route_map_after_boss1: 3 s, avg 120 FPS, 1% low 120, worst second 120, >50 ms 0, >100 ms 0, longest 14.5 ms, peak texture 3178 MiB
phase boss_act2_disk_devourer: 20 s, avg 92 FPS, 1% low 79, worst second 79, >50 ms 5, >100 ms 0, longest 81.6 ms, peak texture 3864 MiB

| build | phase | seconds | avg FPS | 1%% low FPS | worst second FPS | frames >50 ms | frames >100 ms | longest frame ms | peak texture MiB |
|---|---|---|---|---|---|---|---|---|---|
| v0.3.2_druid | route_map_first_show | 8 | 119 | 116 | 116 | 0 | 0 | 21.9 | 3082 |
| v0.3.2_druid | p2_48_enemies | 60 | 106 | 64 | 64 | 17 | 12 | 610.6 | 4497 |
| v0.3.2_druid | route_map_after_p2 | 3 | 117 | 110 | 110 | 1 | 0 | 89.7 | 3125 |
| v0.3.2_druid | elite_night_stalker | 20 | 112 | 107 | 107 | 1 | 0 | 62.1 | 3880 |
| v0.3.2_druid | route_map_after_elite | 3 | 119 | 116 | 116 | 0 | 0 | 32.3 | 3141 |
| v0.3.2_druid | boss_act1_rift_warden | 20 | 112 | 107 | 107 | 0 | 0 | 39.6 | 3777 |
| v0.3.2_druid | route_map_after_boss1 | 3 | 120 | 120 | 120 | 0 | 0 | 14.5 | 3178 |
| v0.3.2_druid | boss_act2_disk_devourer | 20 | 92 | 79 | 79 | 5 | 0 | 81.6 | 3864 |
v0.3.2_druid: menu texture 28 MiB -> after run 312 MiB; act-1 peak 4497 MiB; P2 click frame 465.1 ms, roster wait 0 ms; elite roster wait 512 ms
